.venv\Scripts\python.exe : Traceback (most recent call last):
위치 줄:1 문자:1
+ .venv\Scripts\python.exe test_api_simple.py > test_output.txt 2>&1
+ ~~~~~~~~~~~~~~~~~~~~~~~~~~~~~~~~~~~~~~~~~~~~~~~~~~~~~~~~~~~~~~~~~~
    + CategoryInfo          : NotSpecified: (Traceback (most recent call last) 
   ::String) [], RemoteException
    + FullyQualifiedErrorId : NativeCommandError
 
  File "D:\CJ\Project Manager\IDARS\IDARS PJT\test_api_simple.py", line 10, in 
<module>
    print("\n\U0001f680 Step 3 통합 API 간단 테스트\n")
    ~~~~~^^^^^^^^^^^^^^^^^^^^^^^^^^^^^^^^^^^^^^
UnicodeEncodeError: 'cp949' codec can't encode character '\U0001f680' in positi
on 2: illegal multibyte sequence
